
 Start  Stop   Length Name               Class

 00000H 02A2BH 02A2CH MCODE              
 02A30H 0308FH 00660H MCODE1             
 03090H 03A18H 00989H DATAS1             
 03A20H 03B65H 00146H WINDOWS            
 03B70H 05219H 016AAH CODE               
 05220H 05220H 00000H DATA               
 05220H 05220H 00000H DATA               
 05220H 0C89BH 0767CH DATA               
 0C8A0H 0C8A0H 00000H METABL             
 0C8A0H 0C8A0H 00000H METABL             
 0C8A0H 1C89EH 0FFFFH METABL             
 1C8A0H 2C89EH 0FFFFH ADDRESS            
 2C8A0H 3C89EH 0FFFFH PINS1              
 3C8A0H 4C89EH 0FFFFH PINS2              
 4C8A0H 5C89EH 0FFFFH BUF1               
 5C8A0H 6C89EH 0FFFFH BUF2               
 6C8A0H 7C89EH 0FFFFH BUF3               
 7C8A0H 7C8A0H 00000H BUF4               
 7C8A0H 7C8A0H 00001H BUF0               
 7C8B0H 7C8B0H 00000H ENDSEGM            
 7C8B0H 7C8B0H 00000H ENDSEGM            
 7C8B0H 7D07FH 007D0H STAC               

Program entry point at 03B7:0000

